#
# There is insufficient memory for the Java Runtime Environment to continue.
# Native memory allocation (malloc) failed to allocate 1012976 bytes for Chunk::new
# Possible reasons:
#   The system is out of physical RAM or swap space
#   In 32 bit mode, the process size limit was hit
# Possible solutions:
#   Reduce memory load on the system
#   Increase physical memory or swap space
#   Check if swap backing store is full
#   Use 64 bit Java on a 64 bit OS
#   Decrease Java heap size (-Xmx/-Xms)
#   Decrease number of Java threads
#   Decrease Java thread stack sizes (-Xss)
#   Set larger code cache with -XX:ReservedCodeCacheSize=
# This output file may be truncated or incomplete.
#
#  Out of Memory Error (allocation.cpp:390), pid=4076, tid=0x00000000000030c8
#
# JRE version: Java(TM) SE Runtime Environment (8.0_171-b11) (build 1.8.0_171-b11)
# Java VM: Java HotSpot(TM) 64-Bit Server VM (25.171-b11 mixed mode windows-amd64 compressed oops)
# Failed to write core dump. Minidumps are not enabled by default on client versions of Windows
#

---------------  T H R E A D  ---------------

Current thread (0x0000000019a75800):  JavaThread "C2 CompilerThread1" daemon [_thread_in_native, id=12488, stack(0x000000001a4a0000,0x000000001a5a0000)]

Stack: [0x000000001a4a0000,0x000000001a5a0000]
[error occurred during error reporting (printing stack bounds), id 0xc0000005]

Native frames: (J=compiled Java code, j=interpreted, Vv=VM code, C=native code)


Current CompileTask:
C2:  45386 11482       4       java.net.URI::decode (370 bytes)


---------------  P R O C E S S  ---------------

Java Threads: ( => current thread )
  0x0000000020f0e000 JavaThread "ForkJoinPool.commonPool-worker-1" daemon [_thread_blocked, id=14304, stack(0x000000001fd20000,0x000000001fe20000)]
  0x0000000020f0b000 JavaThread "Ops-Process-Detail-Handle-20" daemon [_thread_blocked, id=10980, stack(0x00000000363e0000,0x00000000364e0000)]
  0x0000000020f0f800 JavaThread "Ops-Process-Detail-Handle-19" daemon [_thread_blocked, id=8004, stack(0x00000000362e0000,0x00000000363e0000)]
  0x0000000020f0a000 JavaThread "Ops-Process-Detail-Handle-18" daemon [_thread_blocked, id=15316, stack(0x00000000361e0000,0x00000000362e0000)]
  0x0000000020f11000 JavaThread "Ops-Process-Detail-Handle-17" daemon [_thread_blocked, id=13168, stack(0x00000000360e0000,0x00000000361e0000)]
  0x0000000020f0e800 JavaThread "Ops-Process-Detail-Handle-16" daemon [_thread_blocked, id=12480, stack(0x0000000035fe0000,0x00000000360e0000)]
  0x0000000020f02800 JavaThread "Ops-Process-Detail-Handle-15" daemon [_thread_blocked, id=15112, stack(0x0000000035ee0000,0x0000000035fe0000)]
  0x0000000020f07000 JavaThread "Ops-Process-Detail-Handle-14" daemon [_thread_blocked, id=11696, stack(0x0000000035de0000,0x0000000035ee0000)]
  0x0000000020f05800 JavaThread "Ops-Process-Detail-Handle-13" daemon [_thread_blocked, id=8924, stack(0x0000000035ce0000,0x0000000035de0000)]
  0x0000000020f09800 JavaThread "Ops-Process-Detail-Handle-12" daemon [_thread_blocked, id=12456, stack(0x0000000035be0000,0x0000000035ce0000)]
  0x0000000020f02000 JavaThread "Ops-Process-Detail-Handle-11" daemon [_thread_blocked, id=6132, stack(0x0000000035ae0000,0x0000000035be0000)]
  0x0000000020f05000 JavaThread "Ops-Process-Detail-Handle-10" daemon [_thread_blocked, id=7092, stack(0x00000000359e0000,0x0000000035ae0000)]
  0x0000000020f06800 JavaThread "Ops-Process-Detail-Handle-9" daemon [_thread_blocked, id=3224, stack(0x00000000358e0000,0x00000000359e0000)]
  0x0000000020f08000 JavaThread "Ops-Process-Detail-Handle-8" daemon [_thread_blocked, id=7840, stack(0x0000000035580000,0x0000000035680000)]
  0x0000000020f04000 JavaThread "Ops-Process-Detail-Handle-7" daemon [_thread_blocked, id=8884, stack(0x0000000035480000,0x0000000035580000)]
  0x0000000020f03800 JavaThread "Ops-Process-Detail-Handle-6" daemon [_thread_blocked, id=12096, stack(0x0000000035120000,0x0000000035220000)]
  0x0000000020f08800 JavaThread "Ops-Process-Detail-Handle-5" daemon [_thread_blocked, id=14824, stack(0x0000000035020000,0x0000000035120000)]
  0x000000001aa2d800 JavaThread "Ops-Process-Detail-Handle-4" daemon [_thread_blocked, id=8848, stack(0x0000000032cc0000,0x0000000032dc0000)]
  0x000000001c7cc800 JavaThread "Ops-Process-Detail-Handle-3" daemon [_thread_blocked, id=6688, stack(0x000000002da30000,0x000000002db30000)]
  0x000000001c7c5000 JavaThread "Ops-Process-Detail-Handle-2" daemon [_thread_blocked, id=2352, stack(0x000000002b140000,0x000000002b240000)]
  0x000000001c7cc000 JavaThread "Ops-Process-Detail-Handle-1" daemon [_thread_blocked, id=9004, stack(0x000000002ae40000,0x000000002af40000)]
  0x000000001aa2d000 JavaThread "scheduling-1" [_thread_blocked, id=13348, stack(0x0000000029c70000,0x0000000029d70000)]
  0x000000001aa21000 JavaThread "Atomikos:4" daemon [_thread_blocked, id=8844, stack(0x000000002ad40000,0x000000002ae40000)]
  0x000000001aa1f800 JavaThread "wapi-log-handle-1" daemon [_thread_blocked, id=1816, stack(0x000000002d670000,0x000000002d770000)]
  0x000000001aa24000 JavaThread "pool-4-thread-1" [_thread_blocked, id=12200, stack(0x0000000029110000,0x0000000029210000)]
  0x000000001aa24800 JavaThread "Atomikos:3" daemon [_thread_blocked, id=6040, stack(0x0000000029010000,0x0000000029110000)]
  0x000000001c7cf000 JavaThread "Atomikos:2" daemon [_thread_blocked, id=6984, stack(0x0000000028b30000,0x0000000028c30000)]
  0x000000001c7c6800 JavaThread "Atomikos:1" daemon [_thread_blocked, id=1696, stack(0x0000000025c90000,0x0000000025d90000)]
  0x000000001c7cd800 JavaThread "Abandoned connection cleanup thread" daemon [_thread_blocked, id=3208, stack(0x00000000211f0000,0x00000000212f0000)]
  0x000000001c7c8000 JavaThread "Log4j2-TF-4-Scheduled-2" daemon [_thread_blocked, id=12472, stack(0x0000000024460000,0x0000000024560000)]
  0x000000001c7c9800 JavaThread "ajp-nio-8009-Acceptor" daemon [_thread_in_native, id=8448, stack(0x000000001fc20000,0x000000001fd20000)]
  0x000000001c7c9000 JavaThread "ajp-nio-8009-ClientPoller" daemon [_thread_in_native, id=6912, stack(0x000000001fb20000,0x000000001fc20000)]
  0x000000001c7c0800 JavaThread "ajp-nio-8009-exec-10" daemon [_thread_blocked, id=7712, stack(0x000000001fa20000,0x000000001fb20000)]
  0x000000001c7c3800 JavaThread "ajp-nio-8009-exec-9" daemon [_thread_blocked, id=14636, stack(0x000000001f920000,0x000000001fa20000)]
  0x000000001c7c2000 JavaThread "ajp-nio-8009-exec-8" daemon [_thread_blocked, id=11100, stack(0x000000001f820000,0x000000001f920000)]
  0x000000001c7c1800 JavaThread "ajp-nio-8009-exec-7" daemon [_thread_blocked, id=9608, stack(0x000000001f720000,0x000000001f820000)]
  0x000000001c7c7800 JavaThread "ajp-nio-8009-exec-6" daemon [_thread_blocked, id=10888, stack(0x000000001f620000,0x000000001f720000)]
  0x000000001c7c3000 JavaThread "ajp-nio-8009-exec-5" daemon [_thread_blocked, id=14588, stack(0x000000001f520000,0x000000001f620000)]
  0x000000001c7c0000 JavaThread "ajp-nio-8009-exec-4" daemon [_thread_blocked, id=10880, stack(0x000000001f420000,0x000000001f520000)]
  0x000000001c780000 JavaThread "ajp-nio-8009-exec-3" daemon [_thread_blocked, id=11328, stack(0x000000001f320000,0x000000001f420000)]
  0x000000001c787000 JavaThread "ajp-nio-8009-exec-2" daemon [_thread_blocked, id=4636, stack(0x000000001f220000,0x000000001f320000)]
  0x000000001c77f800 JavaThread "ajp-nio-8009-exec-1" daemon [_thread_blocked, id=9016, stack(0x000000001f120000,0x000000001f220000)]
  0x000000001c784800 JavaThread "https-jsse-nio-18097-Acceptor" daemon [_thread_in_native, id=7524, stack(0x000000001f020000,0x000000001f120000)]
  0x000000001c783000 JavaThread "https-jsse-nio-18097-ClientPoller" daemon [_thread_in_native, id=13600, stack(0x000000001ef20000,0x000000001f020000)]
  0x000000001c785800 JavaThread "https-jsse-nio-18097-exec-10" daemon [_thread_blocked, id=11028, stack(0x000000001ee20000,0x000000001ef20000)]
  0x000000001c782800 JavaThread "https-jsse-nio-18097-exec-9" daemon [_thread_blocked, id=9220, stack(0x000000001ed20000,0x000000001ee20000)]
  0x000000001c781000 JavaThread "https-jsse-nio-18097-exec-8" daemon [_thread_blocked, id=12164, stack(0x000000001ec20000,0x000000001ed20000)]
  0x000000001c781800 JavaThread "https-jsse-nio-18097-exec-7" daemon [_thread_blocked, id=7668, stack(0x000000001eb20000,0x000000001ec20000)]
  0x000000001c786000 JavaThread "https-jsse-nio-18097-exec-6" daemon [_thread_blocked, id=7804, stack(0x000000001ea20000,0x000000001eb20000)]
  0x000000001c784000 JavaThread "https-jsse-nio-18097-exec-5" daemon [_thread_blocked, id=5424, stack(0x000000001e920000,0x000000001ea20000)]
  0x000000001c778000 JavaThread "https-jsse-nio-18097-exec-4" daemon [_thread_blocked, id=3120, stack(0x000000001e820000,0x000000001e920000)]
  0x000000001c77e000 JavaThread "https-jsse-nio-18097-exec-3" daemon [_thread_blocked, id=3260, stack(0x000000001e720000,0x000000001e820000)]
  0x000000001c77e800 JavaThread "https-jsse-nio-18097-exec-2" daemon [_thread_blocked, id=5644, stack(0x000000001e620000,0x000000001e720000)]
  0x000000001c77d000 JavaThread "https-jsse-nio-18097-exec-1" daemon [_thread_blocked, id=13836, stack(0x000000001e520000,0x000000001e620000)]
  0x000000001c77a000 JavaThread "http-nio-8097-Acceptor" daemon [_thread_in_native, id=5096, stack(0x000000001e420000,0x000000001e520000)]
  0x000000001c77c800 JavaThread "http-nio-8097-ClientPoller" daemon [_thread_in_native, id=14612, stack(0x000000001e320000,0x000000001e420000)]
  0x000000001c77b800 JavaThread "http-nio-8097-exec-10" daemon [_thread_blocked, id=11652, stack(0x000000001e220000,0x000000001e320000)]
  0x000000001c77b000 JavaThread "http-nio-8097-exec-9" daemon [_thread_blocked, id=6684, stack(0x000000001e120000,0x000000001e220000)]
  0x000000001c778800 JavaThread "http-nio-8097-exec-8" daemon [_thread_blocked, id=6288, stack(0x000000001e020000,0x000000001e120000)]
  0x000000001c779800 JavaThread "http-nio-8097-exec-7" daemon [_thread_blocked, id=5628, stack(0x000000001df20000,0x000000001e020000)]
  0x000000001c1fe000 JavaThread "http-nio-8097-exec-6" daemon [_thread_blocked, id=292, stack(0x000000001de20000,0x000000001df20000)]
  0x000000001c1fe800 JavaThread "http-nio-8097-exec-5" daemon [_thread_blocked, id=14296, stack(0x000000001dd20000,0x000000001de20000)]
  0x000000001c1fb000 JavaThread "http-nio-8097-exec-4" daemon [_thread_blocked, id=4760, stack(0x000000001dc20000,0x000000001dd20000)]
  0x000000001c1fd000 JavaThread "http-nio-8097-exec-3" daemon [_thread_blocked, id=14444, stack(0x000000001db20000,0x000000001dc20000)]
  0x000000001c1fc800 JavaThread "http-nio-8097-exec-2" daemon [_thread_blocked, id=12196, stack(0x000000001da20000,0x000000001db20000)]
  0x000000001c1fa000 JavaThread "http-nio-8097-exec-1" daemon [_thread_blocked, id=11468, stack(0x000000001d920000,0x000000001da20000)]
  0x000000001c1f9800 JavaThread "Catalina-utility-2" [_thread_blocked, id=980, stack(0x000000001d820000,0x000000001d920000)]
  0x000000001c1fb800 JavaThread "Catalina-utility-1" [_thread_blocked, id=12108, stack(0x000000001d720000,0x000000001d820000)]
  0x000000001c1f8800 JavaThread "ajp-nio-8009-BlockPoller" daemon [_thread_in_native, id=12084, stack(0x000000001d570000,0x000000001d670000)]
  0x000000001c1ff800 JavaThread "https-jsse-nio-18097-BlockPoller" daemon [_thread_in_native, id=14620, stack(0x000000001d470000,0x000000001d570000)]
  0x000000001c442000 JavaThread "http-nio-8097-BlockPoller" daemon [_thread_in_native, id=11612, stack(0x000000001d370000,0x000000001d470000)]
  0x000000001afe3000 JavaThread "GC Daemon" daemon [_thread_blocked, id=15260, stack(0x000000001d070000,0x000000001d170000)]
  0x000000001ac4d000 JavaThread "RMI TCP Connection(4)-127.0.0.1" daemon [_thread_in_native, id=6812, stack(0x000000001bba0000,0x000000001bca0000)]
  0x000000001ac31800 JavaThread "RMI Scheduler(0)" daemon [_thread_blocked, id=11596, stack(0x000000001baa0000,0x000000001bba0000)]
  0x000000001abe0000 JavaThread "RMI TCP Connection(3)-127.0.0.1" daemon [_thread_in_native, id=14552, stack(0x000000001b9a0000,0x000000001baa0000)]
  0x000000001abd7800 JavaThread "RMI TCP Accept-0" daemon [_thread_in_native, id=11932, stack(0x000000001b6a0000,0x000000001b7a0000)]
  0x000000001abc8800 JavaThread "RMI TCP Accept-1099" daemon [_thread_in_native, id=7472, stack(0x000000001b5a0000,0x000000001b6a0000)]
  0x000000001abb5000 JavaThread "RMI TCP Accept-0" daemon [_thread_in_native, id=11284, stack(0x000000001b4a0000,0x000000001b5a0000)]
  0x000000001aaf6800 JavaThread "FileHandlerLogFilesCleaner-1" daemon [_thread_blocked, id=1864, stack(0x000000001b1a0000,0x000000001b2a0000)]
  0x0000000019cf8000 JavaThread "AsyncFileHandlerWriter-2080166188" daemon [_thread_blocked, id=12864, stack(0x000000001a8a0000,0x000000001a9a0000)]
  0x0000000019afb000 JavaThread "Service Thread" daemon [_thread_blocked, id=1760, stack(0x000000001a7a0000,0x000000001a8a0000)]
  0x0000000019a77800 JavaThread "C1 CompilerThread3" daemon [_thread_blocked, id=12732, stack(0x000000001a6a0000,0x000000001a7a0000)]
  0x0000000019a76800 JavaThread "C2 CompilerThread2" daemon [_thread_blocked, id=9020, stack(0x000000001a5a0000,0x000000001a6a0000)]
=>0x0000000019a75800 JavaThread "C2 CompilerThread1" daemon [_thread_in_native, id=12488, stack(0x000000001a4a0000,0x000000001a5a0000)]
  0x0000000019a63800 JavaThread "C2 CompilerThread0" daemon [_thread_blocked, id=9468, stack(0x000000001a3a0000,0x000000001a4a0000)]
  0x0000000019a50000 JavaThread "JDWP Command Reader" daemon [_thread_in_native, id=12692, stack(0x000000001a2a0000,0x000000001a3a0000)]
  0x0000000019a4b000 JavaThread "JDWP Event Helper Thread" daemon [_thread_blocked, id=1276, stack(0x000000001a1a0000,0x000000001a2a0000)]
  0x0000000019a3f000 JavaThread "JDWP Transport Listener: dt_socket" daemon [_thread_blocked, id=14500, stack(0x000000001a0a0000,0x000000001a1a0000)]
  0x0000000019a37000 JavaThread "Attach Listener" daemon [_thread_blocked, id=14740, stack(0x0000000019fa0000,0x000000001a0a0000)]
  0x0000000019a36800 JavaThread "Signal Dispatcher" daemon [_thread_blocked, id=3516, stack(0x0000000019ea0000,0x0000000019fa0000)]
  0x00000000199c0800 JavaThread "Finalizer" daemon [_thread_blocked, id=14564, stack(0x0000000019da0000,0x0000000019ea0000)]
  0x0000000002b4c000 JavaThread "Reference Handler" daemon [_thread_blocked, id=14812, stack(0x00000000198a0000,0x00000000199a0000)]
  0x0000000002a56000 JavaThread "main" [_thread_in_native, id=10544, stack(0x0000000002740000,0x0000000002840000)]

Other Threads:
  0x0000000017ac7800 VMThread [stack: 0x00000000197a0000,0x00000000198a0000] [id=11424]
  0x000000001abdc000 WatcherThread [stack: 0x000000001b7a0000,0x000000001b8a0000] [id=4388]

VM state:not at safepoint (normal execution)

VM Mutex/Monitor currently owned by a thread: None

Heap:
 PSYoungGen      total 643584K, used 228770K [0x00000000d5f00000, 0x00000000ffc80000, 0x0000000100000000)
  eden space 605696K, 34% used [0x00000000d5f00000,0x00000000e29da7b8,0x00000000fae80000)
  from space 37888K, 55% used [0x00000000fd780000,0x00000000fec0e220,0x00000000ffc80000)
  to   space 39936K, 0% used [0x00000000fae80000,0x00000000fae80000,0x00000000fd580000)
 ParOldGen       total 129536K, used 47417K [0x0000000081c00000, 0x0000000089a80000, 0x00000000d5f00000)
  object space 129536K, 36% used [0x0000000081c00000,0x0000000084a4e538,0x0000000089a80000)
 Metaspace       used 75756K, capacity 80402K, committed 80640K, reserved 1120256K
  class space    used 9076K, capacity 9900K, committed 9984K, reserved 1048576K

Card table byte_map: [0x0000000011f10000,0x0000000012310000] byte_map_base: 0x0000000011b02000

Marking Bits: (ParMarkBitMap*) 0x000000005e9708c0
 Begin Bits: [0x0000000012dc0000, 0x0000000014d50000)
 End Bits:   [0x0000000014d50000, 0x0000000016ce0000)

Polling page: 0x0000000000ba0000

CodeCache: size=245760Kb used=36672Kb max_used=36689Kb free=209087Kb
 bounds [0x0000000002b50000, 0x0000000004f60000, 0x0000000011b50000]
 total_blobs=9921 nmethods=9314 adapters=526
 compilation: enabled

Compilation events (10 events):
Event: 45.258 Thread 0x0000000019a77800 11488       3       org.apache.tomcat.util.http.MimeHeaders::getHeader (19 bytes)
Event: 45.259 Thread 0x0000000019a77800 nmethod 11488 0x000000000478de90 code [0x000000000478e000, 0x000000000478e2d8]
Event: 45.259 Thread 0x0000000019a77800 11489       1       org.apache.coyote.Response::getMimeHeaders (5 bytes)
Event: 45.259 Thread 0x0000000019a77800 nmethod 11489 0x000000000478dbd0 code [0x000000000478dd20, 0x000000000478de30]
Event: 45.264 Thread 0x0000000019a75800 nmethod 11468 0x0000000004787f50 code [0x0000000004788120, 0x0000000004789220]
Event: 45.264 Thread 0x0000000019a75800 11482       4       java.net.URI::decode (370 bytes)
Event: 45.285 Thread 0x0000000019a76800 nmethod 11469 0x0000000004781d90 code [0x0000000004782040, 0x0000000004783768]
Event: 45.318 Thread 0x0000000019a63800 nmethod 11480 0x0000000004f4b3d0 code [0x0000000004f4b6a0, 0x0000000004f4d6c0]
Event: 45.358 Thread 0x0000000019a77800 11490       3       java.util.concurrent.locks.LockSupport::unpark (12 bytes)
Event: 45.358 Thread 0x0000000019a77800 nmethod 11490 0x0000000004787790 code [0x0000000004787900, 0x0000000004787b48]

GC Heap History (10 events):
Event: 22.536 GC heap before
{Heap before GC invocations=19 (full 2):
 PSYoungGen      total 643584K, used 598528K [0x00000000d5f00000, 0x00000000fff00000, 0x0000000100000000)
  eden space 598528K, 100% used [0x00000000d5f00000,0x00000000fa780000,0x00000000fa780000)
  from space 45056K, 0% used [0x00000000fd300000,0x00000000fd300000,0x00000000fff00000)
  to   space 44544K, 0% used [0x00000000fa780000,0x00000000fa780000,0x00000000fd300000)
 ParOldGen       total 98816K, used 33929K [0x0000000081c00000, 0x0000000087c80000, 0x00000000d5f00000)
  object space 98816K, 34% used [0x0000000081c00000,0x0000000083d226f8,0x0000000087c80000)
 Metaspace       used 43228K, capacity 44770K, committed 45056K, reserved 1089536K
  class space    used 5187K, capacity 5526K, committed 5632K, reserved 1048576K
Event: 22.556 GC heap after
Heap after GC invocations=19 (full 2):
 PSYoungGen      total 643072K, used 26421K [0x00000000d5f00000, 0x00000000fff80000, 0x0000000100000000)
  eden space 598528K, 0% used [0x00000000d5f00000,0x00000000d5f00000,0x00000000fa780000)
  from space 44544K, 59% used [0x00000000fa780000,0x00000000fc14d568,0x00000000fd300000)
  to   space 44544K, 0% used [0x00000000fd400000,0x00000000fd400000,0x00000000fff80000)
 ParOldGen       total 98816K, used 33937K [0x0000000081c00000, 0x0000000087c80000, 0x00000000d5f00000)
  object space 98816K, 34% used [0x0000000081c00000,0x0000000083d246f8,0x0000000087c80000)
 Metaspace       used 43228K, capacity 44770K, committed 45056K, reserved 1089536K
  class space    used 5187K, capacity 5526K, committed 5632K, reserved 1048576K
}
Event: 28.355 GC heap before
{Heap before GC invocations=20 (full 2):
 PSYoungGen      total 643072K, used 624949K [0x00000000d5f00000, 0x00000000fff80000, 0x0000000100000000)
  eden space 598528K, 100% used [0x00000000d5f00000,0x00000000fa780000,0x00000000fa780000)
  from space 44544K, 59% used [0x00000000fa780000,0x00000000fc14d568,0x00000000fd300000)
  to   space 44544K, 0% used [0x00000000fd400000,0x00000000fd400000,0x00000000fff80000)
 ParOldGen       total 98816K, used 33937K [0x0000000081c00000, 0x0000000087c80000, 0x00000000d5f00000)
  object space 98816K, 34% used [0x0000000081c00000,0x0000000083d246f8,0x0000000087c80000)
 Metaspace       used 55662K, capacity 57684K, committed 57856K, reserved 1099776K
  class space    used 6703K, capacity 7147K, committed 7168K, reserved 1048576K
Event: 28.378 GC heap after
Heap after GC invocations=20 (full 2):
 PSYoungGen      total 640000K, used 19885K [0x00000000d5f00000, 0x00000000ffb00000, 0x0000000100000000)
  eden space 600064K, 0% used [0x00000000d5f00000,0x00000000d5f00000,0x00000000fa900000)
  from space 39936K, 49% used [0x00000000fd400000,0x00000000fe76b748,0x00000000ffb00000)
  to   space 41984K, 0% used [0x00000000fa900000,0x00000000fa900000,0x00000000fd200000)
 ParOldGen       total 98816K, used 40886K [0x0000000081c00000, 0x0000000087c80000, 0x00000000d5f00000)
  object space 98816K, 41% used [0x0000000081c00000,0x00000000843eda28,0x0000000087c80000)
 Metaspace       used 55662K, capacity 57684K, committed 57856K, reserved 1099776K
  class space    used 6703K, capacity 7147K, committed 7168K, reserved 1048576K
}
Event: 31.309 GC heap before
{Heap before GC invocations=21 (full 2):
 PSYoungGen      total 640000K, used 619949K [0x00000000d5f00000, 0x00000000ffb00000, 0x0000000100000000)
  eden space 600064K, 100% used [0x00000000d5f00000,0x00000000fa900000,0x00000000fa900000)
  from space 39936K, 49% used [0x00000000fd400000,0x00000000fe76b748,0x00000000ffb00000)
  to   space 41984K, 0% used [0x00000000fa900000,0x00000000fa900000,0x00000000fd200000)
 ParOldGen       total 98816K, used 40886K [0x0000000081c00000, 0x0000000087c80000, 0x00000000d5f00000)
  object space 98816K, 41% used [0x0000000081c00000,0x00000000843eda28,0x0000000087c80000)
 Metaspace       used 56913K, capacity 59018K, committed 59160K, reserved 1101824K
  class space    used 6775K, capacity 7214K, committed 7296K, reserved 1048576K
Event: 31.325 GC heap after
Heap after GC invocations=21 (full 2):
 PSYoungGen      total 642048K, used 11548K [0x00000000d5f00000, 0x0000000100000000, 0x0000000100000000)
  eden space 600064K, 0% used [0x00000000d5f00000,0x00000000d5f00000,0x00000000fa900000)
  from space 41984K, 27% used [0x00000000fa900000,0x00000000fb4473c8,0x00000000fd200000)
  to   space 41472K, 0% used [0x00000000fd780000,0x00000000fd780000,0x0000000100000000)
 ParOldGen       total 98816K, used 51876K [0x0000000081c00000, 0x0000000087c80000, 0x00000000d5f00000)
  object space 98816K, 52% used [0x0000000081c00000,0x0000000084ea9100,0x0000000087c80000)
 Metaspace       used 56913K, capacity 59018K, committed 59160K, reserved 1101824K
  class space    used 6775K, capacity 7214K, committed 7296K, reserved 1048576K
}
Event: 31.325 GC heap before
{Heap before GC invocations=22 (full 3):
 PSYoungGen      total 642048K, used 11548K [0x00000000d5f00000, 0x0000000100000000, 0x0000000100000000)
  eden space 600064K, 0% used [0x00000000d5f00000,0x00000000d5f00000,0x00000000fa900000)
  from space 41984K, 27% used [0x00000000fa900000,0x00000000fb4473c8,0x00000000fd200000)
  to   space 41472K, 0% used [0x00000000fd780000,0x00000000fd780000,0x0000000100000000)
 ParOldGen       total 98816K, used 51876K [0x0000000081c00000, 0x0000000087c80000, 0x00000000d5f00000)
  object space 98816K, 52% used [0x0000000081c00000,0x0000000084ea9100,0x0000000087c80000)
 Metaspace       used 56913K, capacity 59018K, committed 59160K, reserved 1101824K
  class space    used 6775K, capacity 7214K, committed 7296K, reserved 1048576K
Event: 31.448 GC heap after
Heap after GC invocations=22 (full 3):
 PSYoungGen      total 642048K, used 0K [0x00000000d5f00000, 0x0000000100000000, 0x0000000100000000)
  eden space 600064K, 0% used [0x00000000d5f00000,0x00000000d5f00000,0x00000000fa900000)
  from space 41984K, 0% used [0x00000000fa900000,0x00000000fa900000,0x00000000fd200000)
  to   space 41472K, 0% used [0x00000000fd780000,0x00000000fd780000,0x0000000100000000)
 ParOldGen       total 129536K, used 47409K [0x0000000081c00000, 0x0000000089a80000, 0x00000000d5f00000)
  object space 129536K, 36% used [0x0000000081c00000,0x0000000084a4c538,0x0000000089a80000)
 Metaspace       used 56913K, capacity 59018K, committed 59160K, reserved 1101824K
  class space    used 6775K, capacity 7214K, committed 7296K, reserved 1048576K
}
Event: 38.924 GC heap before
{Heap before GC invocations=23 (full 3):
 PSYoungGen      total 642048K, used 600064K [0x00000000d5f00000, 0x0000000100000000, 0x0000000100000000)
  eden space 600064K, 100% used [0x00000000d5f00000,0x00000000fa900000,0x00000000fa900000)
  from space 41984K, 0% used [0x00000000fa900000,0x00000000fa900000,0x00000000fd200000)
  to   space 41472K, 0% used [0x00000000fd780000,0x00000000fd780000,0x0000000100000000)
 ParOldGen       total 129536K, used 47409K [0x0000000081c00000, 0x0000000089a80000, 0x00000000d5f00000)
  object space 129536K, 36% used [0x0000000081c00000,0x0000000084a4c538,0x0000000089a80000)
 Metaspace       used 69465K, capacity 73808K, committed 73984K, reserved 1114112K
  class space    used 8333K, capacity 9119K, committed 9216K, reserved 1048576K
Event: 38.942 GC heap after
Heap after GC invocations=23 (full 3):
 PSYoungGen      total 643584K, used 21048K [0x00000000d5f00000, 0x00000000ffc80000, 0x0000000100000000)
  eden space 605696K, 0% used [0x00000000d5f00000,0x00000000d5f00000,0x00000000fae80000)
  from space 37888K, 55% used [0x00000000fd780000,0x00000000fec0e220,0x00000000ffc80000)
  to   space 39936K, 0% used [0x00000000fae80000,0x00000000fae80000,0x00000000fd580000)
 ParOldGen       total 129536K, used 47417K [0x0000000081c00000, 0x0000000089a80000, 0x00000000d5f00000)
  object space 129536K, 36% used [0x0000000081c00000,0x0000000084a4e538,0x0000000089a80000)
 Metaspace       used 69465K, capacity 73808K, committed 73984K, reserved 1114112K
  class space    used 8333K, capacity 9119K, committed 9216K, reserved 1048576K
}

Deoptimization events (10 events):
Event: 44.793 Thread 0x000000001c1fb000 Uncommon trap: reason=unstable_if action=reinterpret pc=0x0000000004682fc0 method=java.math.MutableBigInteger.normalize()V @ 40
Event: 44.976 Thread 0x000000001c1fb000 Uncommon trap: reason=bimorphic action=maybe_recompile pc=0x000000000382dec8 method=java.util.regex.Pattern$5.isSatisfiedBy(I)Z @ 5
Event: 44.976 Thread 0x000000001c1fb000 Uncommon trap: reason=bimorphic action=maybe_recompile pc=0x000000000382dec8 method=java.util.regex.Pattern$5.isSatisfiedBy(I)Z @ 5
Event: 44.976 Thread 0x000000001c1fb000 Uncommon trap: reason=bimorphic action=maybe_recompile pc=0x000000000382dec8 method=java.util.regex.Pattern$5.isSatisfiedBy(I)Z @ 5
Event: 44.976 Thread 0x000000001c1fb000 Uncommon trap: reason=bimorphic action=maybe_recompile pc=0x000000000382dec8 method=java.util.regex.Pattern$5.isSatisfiedBy(I)Z @ 5
Event: 44.986 Thread 0x000000001c1fc800 Uncommon trap: reason=bimorphic action=maybe_recompile pc=0x00000000036932d8 method=java.util.regex.Pattern$Branch.match(Ljava/util/regex/Matcher;ILjava/lang/CharSequence;)Z @ 32
Event: 45.196 Thread 0x000000001c1fb000 Uncommon trap: reason=bimorphic action=maybe_recompile pc=0x0000000003ff0e0c method=java.util.HashMap.computeIfAbsent(Ljava/lang/Object;Ljava/util/function/Function;)Ljava/lang/Object; @ 263
Event: 45.196 Thread 0x000000001c1fb000 Uncommon trap: reason=bimorphic action=maybe_recompile pc=0x0000000003ff0e0c method=java.util.HashMap.computeIfAbsent(Ljava/lang/Object;Ljava/util/function/Function;)Ljava/lang/Object; @ 263
Event: 45.196 Thread 0x000000001c1fb000 Uncommon trap: reason=bimorphic action=maybe_recompile pc=0x0000000003ff0e0c method=java.util.HashMap.computeIfAbsent(Ljava/lang/Object;Ljava/util/function/Function;)Ljava/lang/Object; @ 263
Event: 45.196 Thread 0x000000001c1fb000 Uncommon trap: reason=bimorphic action=maybe_recompile pc=0x0000000003ff0e0c method=java.util.HashMap.computeIfAbsent(Ljava/lang/Object;Ljava/util/function/Function;)Ljava/lang/Object; @ 263

Classes redefined (0 events):
No events

Internal exceptions (10 events):
Event: 39.212 Thread 0x000000001ac4d000 Exception <a 'java/lang/ClassNotFoundException': com/sun/org/glassfish/hk2/osgiresourcelocator/ServiceLoader> (0x00000000d69c40b8) thrown at [C:\re\workspace\8-2-build-windows-amd64-cygwin\jdk8u171\10807\hotspot\src\share\vm\classfile\systemDictionary.cpp
Event: 39.219 Thread 0x000000001ac4d000 Exception <a 'java/lang/ClassNotFoundException': com/sun/org/glassfish/hk2/osgiresourcelocator/ServiceLoader> (0x00000000d6a233e0) thrown at [C:\re\workspace\8-2-build-windows-amd64-cygwin\jdk8u171\10807\hotspot\src\share\vm\classfile\systemDictionary.cpp
Event: 39.226 Thread 0x000000001ac4d000 Exception <a 'java/lang/ClassNotFoundException': com/sun/org/glassfish/hk2/osgiresourcelocator/ServiceLoader> (0x00000000d6a85bf0) thrown at [C:\re\workspace\8-2-build-windows-amd64-cygwin\jdk8u171\10807\hotspot\src\share\vm\classfile\systemDictionary.cpp
Event: 39.233 Thread 0x000000001ac4d000 Exception <a 'java/lang/ClassNotFoundException': com/sun/org/glassfish/hk2/osgiresourcelocator/ServiceLoader> (0x00000000d6b163c0) thrown at [C:\re\workspace\8-2-build-windows-amd64-cygwin\jdk8u171\10807\hotspot\src\share\vm\classfile\systemDictionary.cpp
Event: 39.241 Thread 0x000000001ac4d000 Exception <a 'java/lang/ClassNotFoundException': com/sun/org/glassfish/hk2/osgiresourcelocator/ServiceLoader> (0x00000000d6b7a5e0) thrown at [C:\re\workspace\8-2-build-windows-amd64-cygwin\jdk8u171\10807\hotspot\src\share\vm\classfile\systemDictionary.cpp
Event: 39.255 Thread 0x000000001ac4d000 Exception <a 'java/lang/ClassNotFoundException': com/sun/org/glassfish/hk2/osgiresourcelocator/ServiceLoader> (0x00000000d6c4fa80) thrown at [C:\re\workspace\8-2-build-windows-amd64-cygwin\jdk8u171\10807\hotspot\src\share\vm\classfile\systemDictionary.cpp
Event: 39.268 Thread 0x000000001ac4d000 Exception <a 'java/lang/ClassNotFoundException': com/sun/org/glassfish/hk2/osgiresourcelocator/ServiceLoader> (0x00000000d6ce9ba0) thrown at [C:\re\workspace\8-2-build-windows-amd64-cygwin\jdk8u171\10807\hotspot\src\share\vm\classfile\systemDictionary.cpp
Event: 39.682 Thread 0x000000001ac4d000 Exception <a 'java/io/FileNotFoundException'> (0x00000000dafb2708) thrown at [C:\re\workspace\8-2-build-windows-amd64-cygwin\jdk8u171\10807\hotspot\src\share\vm\prims\jni.cpp, line 709]
Event: 40.355 Thread 0x000000001c1fa000 Implicit null exception at 0x0000000004a8cbf5 to 0x0000000004a8cd90
Event: 44.772 Thread 0x000000001c1fb000 Implicit null exception at 0x0000000003bf9541 to 0x0000000003bf9769

Events (10 events):
Event: 45.243 Thread 0x000000001c779800 DEOPT PACKING pc=0x0000000003a31f1c sp=0x000000001e01c960
Event: 45.243 Thread 0x000000001c779800 DEOPT UNPACKING pc=0x0000000002b97890 sp=0x000000001e01c630 mode 1
Event: 45.243 Thread 0x000000001c779800 DEOPT PACKING pc=0x0000000003a30844 sp=0x000000001e01ca90
Event: 45.243 Thread 0x000000001c779800 DEOPT UNPACKING pc=0x0000000002b97890 sp=0x000000001e01c7f8 mode 1
Event: 45.243 Thread 0x000000001c779800 DEOPT PACKING pc=0x0000000003f14a64 sp=0x000000001e01cbb0
Event: 45.243 Thread 0x000000001c779800 DEOPT UNPACKING pc=0x0000000002b97890 sp=0x000000001e01c860 mode 1
Event: 45.259 Executing VM operation: RevokeBias
Event: 45.259 Executing VM operation: RevokeBias done
Event: 45.260 Executing VM operation: RevokeBias
Event: 45.260 Executing VM operation: RevokeBias done


Dynamic libraries:
0x00007ff68a710000 - 0x00007ff68a747000 	C:\Program Files\Java\jdk1.8.0_171\bin\java.exe
0x00007ffd5eb10000 - 0x00007ffd5ed08000 	C:\WINDOWS\SYSTEM32\ntdll.dll
0x00007ffd5e000000 - 0x00007ffd5e0bd000 	C:\WINDOWS\System32\KERNEL32.DLL
0x00007ffd5c390000 - 0x00007ffd5c65e000 	C:\WINDOWS\System32\KERNELBASE.dll
0x00007ffd5cff0000 - 0x00007ffd5d09e000 	C:\WINDOWS\System32\ADVAPI32.dll
0x00007ffd5cf50000 - 0x00007ffd5cfee000 	C:\WINDOWS\System32\msvcrt.dll
0x00007ffd5ea30000 - 0x00007ffd5eacc000 	C:\WINDOWS\System32\sechost.dll
0x00007ffd5e330000 - 0x00007ffd5e455000 	C:\WINDOWS\System32\RPCRT4.dll
0x00007ffd5d8c0000 - 0x00007ffd5da60000 	C:\WINDOWS\System32\USER32.dll
0x00007ffd5c330000 - 0x00007ffd5c352000 	C:\WINDOWS\System32\win32u.dll
0x00007ffd5e0d0000 - 0x00007ffd5e0fa000 	C:\WINDOWS\System32\GDI32.dll
0x00007ffd5c710000 - 0x00007ffd5c81b000 	C:\WINDOWS\System32\gdi32full.dll
0x00007ffd5c920000 - 0x00007ffd5c9bd000 	C:\WINDOWS\System32\msvcp_win.dll
0x00007ffd5c230000 - 0x00007ffd5c330000 	C:\WINDOWS\System32\ucrtbase.dll
0x00007ffd4b4a0000 - 0x00007ffd4b73a000 	C:\WINDOWS\WinSxS\amd64_microsoft.windows.common-controls_6595b64144ccf1df_6.0.19041.1110_none_60b5254171f9507e\COMCTL32.dll
0x00007ffd5e530000 - 0x00007ffd5e560000 	C:\WINDOWS\System32\IMM32.DLL
0x000000005ed60000 - 0x000000005ee32000 	C:\Program Files\Java\jdk1.8.0_171\jre\bin\msvcr100.dll
0x000000005e150000 - 0x000000005e9f0000 	C:\Program Files\Java\jdk1.8.0_171\jre\bin\server\jvm.dll
0x00007ffd5def0000 - 0x00007ffd5def8000 	C:\WINDOWS\System32\PSAPI.DLL
0x00007ffd4bf20000 - 0x00007ffd4bf29000 	C:\WINDOWS\SYSTEM32\WSOCK32.dll
0x00007ffd5e4c0000 - 0x00007ffd5e52b000 	C:\WINDOWS\System32\WS2_32.dll
0x00007ffd565b0000 - 0x00007ffd565ba000 	C:\WINDOWS\SYSTEM32\VERSION.dll
0x00007ffd4a400000 - 0x00007ffd4a427000 	C:\WINDOWS\SYSTEM32\WINMM.dll
0x000000005ed50000 - 0x000000005ed5f000 	C:\Program Files\Java\jdk1.8.0_171\jre\bin\verify.dll
0x000000005e120000 - 0x000000005e149000 	C:\Program Files\Java\jdk1.8.0_171\jre\bin\java.dll
0x000000005de40000 - 0x000000005de75000 	C:\Program Files\Java\jdk1.8.0_171\jre\bin\jdwp.dll
0x000000005de30000 - 0x000000005de38000 	C:\Program Files\Java\jdk1.8.0_171\jre\bin\npt.dll
0x000000005de00000 - 0x000000005de23000 	C:\Program Files\Java\jdk1.8.0_171\jre\bin\instrument.dll
0x000000005e100000 - 0x000000005e116000 	C:\Program Files\Java\jdk1.8.0_171\jre\bin\zip.dll
0x00007ffd5d0a0000 - 0x00007ffd5d7e3000 	C:\WINDOWS\System32\SHELL32.dll
0x00007ffd5a1c0000 - 0x00007ffd5a955000 	C:\WINDOWS\SYSTEM32\windows.storage.dll
0x00007ffd5cb70000 - 0x00007ffd5cec4000 	C:\WINDOWS\System32\combase.dll
0x00007ffd5bba0000 - 0x00007ffd5bbd0000 	C:\WINDOWS\SYSTEM32\Wldp.dll
0x00007ffd5d810000 - 0x00007ffd5d8bd000 	C:\WINDOWS\System32\SHCORE.dll
0x00007ffd5e560000 - 0x00007ffd5e5b5000 	C:\WINDOWS\System32\shlwapi.dll
0x00007ffd5c170000 - 0x00007ffd5c18f000 	C:\WINDOWS\SYSTEM32\profapi.dll
0x000000005ddf0000 - 0x000000005ddf9000 	C:\Program Files\Java\jdk1.8.0_171\jre\bin\dt_socket.dll
0x00007ffd5b8c0000 - 0x00007ffd5b92a000 	C:\WINDOWS\system32\mswsock.dll
0x000000005ed40000 - 0x000000005ed4d000 	C:\Program Files\Java\jdk1.8.0_171\jre\bin\management.dll
0x000000005e0e0000 - 0x000000005e0fa000 	C:\Program Files\Java\jdk1.8.0_171\jre\bin\net.dll
0x000000005e0c0000 - 0x000000005e0d1000 	C:\Program Files\Java\jdk1.8.0_171\jre\bin\nio.dll
0x00007ffd3bbf0000 - 0x00007ffd3bc07000 	C:\WINDOWS\system32\napinsp.dll
0x00007ffd3bbd0000 - 0x00007ffd3bbeb000 	C:\WINDOWS\system32\pnrpnsp.dll
0x00007ffd3bbb0000 - 0x00007ffd3bbc5000 	C:\WINDOWS\system32\wshbth.dll
0x00007ffd574e0000 - 0x00007ffd574fd000 	C:\WINDOWS\system32\NLAapi.dll
0x00007ffd5b5d0000 - 0x00007ffd5b60b000 	C:\WINDOWS\SYSTEM32\IPHLPAPI.DLL
0x00007ffd5b610000 - 0x00007ffd5b6da000 	C:\WINDOWS\SYSTEM32\DNSAPI.dll
0x00007ffd5e0c0000 - 0x00007ffd5e0c8000 	C:\WINDOWS\System32\NSI.dll
0x00007ffd3bb90000 - 0x00007ffd3bba2000 	C:\WINDOWS\System32\winrnr.dll
0x00007ffd511b0000 - 0x00007ffd511ba000 	C:\Windows\System32\rasadhlp.dll
0x00007ffd53130000 - 0x00007ffd531b0000 	C:\WINDOWS\System32\fwpuclnt.dll
0x00007ffd5c360000 - 0x00007ffd5c387000 	C:\WINDOWS\System32\bcrypt.dll
0x00007ffd5bb30000 - 0x00007ffd5bb48000 	C:\WINDOWS\SYSTEM32\CRYPTSP.dll
0x00007ffd5b260000 - 0x00007ffd5b294000 	C:\WINDOWS\system32\rsaenh.dll
0x00007ffd5c130000 - 0x00007ffd5c15e000 	C:\WINDOWS\SYSTEM32\USERENV.dll
0x00007ffd5c890000 - 0x00007ffd5c912000 	C:\WINDOWS\System32\bcryptprimitives.dll
0x00007ffd5ba50000 - 0x00007ffd5ba5c000 	C:\WINDOWS\SYSTEM32\CRYPTBASE.dll
0x00007ffd54a80000 - 0x00007ffd54a97000 	C:\WINDOWS\SYSTEM32\dhcpcsvc6.DLL
0x00007ffd54ee0000 - 0x00007ffd54efd000 	C:\WINDOWS\SYSTEM32\dhcpcsvc.DLL
0x000000005d050000 - 0x000000005d074000 	C:\Program Files\Java\jdk1.8.0_171\jre\bin\sunec.dll
0x000000005dde0000 - 0x000000005ddeb000 	C:\Program Files\Java\jdk1.8.0_171\jre\bin\sunmscapi.dll
0x00007ffd5ca10000 - 0x00007ffd5cb66000 	C:\WINDOWS\System32\CRYPT32.dll

VM Arguments:
jvm_args: -Djava.util.logging.config.file=C:\Users\zhangfc\AppData\Local\JetBrains\IntelliJIdea2022.1\tomcat\37eee4a2-e6c3-4781-9f5d-c7ea5bb30b14\conf\logging.properties -Djava.util.logging.manager=org.apache.juli.ClassLoaderLogManager -agentlib:jdwp=transport=dt_socket,address=127.0.0.1:57106,suspend=y,server=n -javaagent:C:\Users\zhangfc\AppData\Local\JetBrains\IntelliJIdea2022.1\captureAgent\debugger-agent.jar -Dfile.encoding=utf8 -Dcom.sun.management.jmxremote= -Dcom.sun.management.jmxremote.port=1099 -Dcom.sun.management.jmxremote.ssl=false -Dcom.sun.management.jmxremote.password.file=C:\Users\zhangfc\AppData\Local\JetBrains\IntelliJIdea2022.1\tomcat\37eee4a2-e6c3-4781-9f5d-c7ea5bb30b14\jmxremote.password -Dcom.sun.management.jmxremote.access.file=C:\Users\zhangfc\AppData\Local\JetBrains\IntelliJIdea2022.1\tomcat\37eee4a2-e6c3-4781-9f5d-c7ea5bb30b14\jmxremote.access -Djava.rmi.server.hostname=127.0.0.1 -Djdk.tls.ephemeralDHKeySize=2048 -Djava.protocol.handler.pkgs=org.apache.catalina.webresources -Dignore.endorsed.dirs= -Dcatalina.base=C:\Users\zhangfc\AppData\Local\JetBrains\IntelliJIdea2022.1\tomcat\37eee4a2-e6c3-4781-9f5d-c7ea5bb30b14 -Dcatalina.home=D:\tomcat\apache-tomcat-9.0.29_https -Djava.io.tmpdir=D:\tomcat\apache-tomcat-9.0.29_https\temp 
java_command: org.apache.catalina.startup.Bootstrap start
java_class_path (initial): D:\tomcat\apache-tomcat-9.0.29_https\bin\bootstrap.jar;D:\tomcat\apache-tomcat-9.0.29_https\bin\tomcat-juli.jar;C:\Users\zhangfc\AppData\Local\JetBrains\IntelliJIdea2022.1\captureAgent\debugger-agent.jar
Launcher Type: SUN_STANDARD

Environment Variables:
JAVA_HOME=C:\Program Files\Java\jdk1.8.0_171
JRE_HOME=C:\Program Files\Java\jdk1.8.0_171
CLASSPATH=D:\tomcat\apache-tomcat-9.0.29_https\bin\bootstrap.jar;D:\tomcat\apache-tomcat-9.0.29_https\bin\tomcat-juli.jar
USERNAME=zhangfc
OS=Windows_NT
PROCESSOR_IDENTIFIER=Intel64 Family 6 Model 142 Stepping 10, GenuineIntel



---------------  S Y S T E M  ---------------

OS: Windows 10.0 , 64 bit Build 19041 (10.0.19041.1889)

CPU:total 8 (initial active 8) (4 cores per cpu, 2 threads per core) family 6 model 142 stepping 10, cmov, cx8, fxsr, mmx, sse, sse2, sse3, ssse3, sse4.1, sse4.2, popcnt, avx, avx2, aes, clmul, erms, 3dnowpref, lzcnt, ht, tsc, tscinvbit, bmi1, bmi2, adx

Memory: 4k page, physical 8268520k(224268k free), swap 12462824k(3192k free)

vm_info: Java HotSpot(TM) 64-Bit Server VM (25.171-b11) for windows-amd64 JRE (1.8.0_171-b11), built on Mar 28 2018 16:06:12 by "java_re" with MS VC++ 10.0 (VS2010)

time: Thu Oct 13 15:29:19 2022
elapsed time: 45 seconds (0d 0h 0m 45s)

