#
# There is insufficient memory for the Java Runtime Environment to continue.
# Native memory allocation (malloc) failed to allocate 1154512 bytes for Chunk::new
# Possible reasons:
#   The system is out of physical RAM or swap space
#   In 32 bit mode, the process size limit was hit
# Possible solutions:
#   Reduce memory load on the system
#   Increase physical memory or swap space
#   Check if swap backing store is full
#   Use 64 bit Java on a 64 bit OS
#   Decrease Java heap size (-Xmx/-Xms)
#   Decrease number of Java threads
#   Decrease Java thread stack sizes (-Xss)
#   Set larger code cache with -XX:ReservedCodeCacheSize=
# This output file may be truncated or incomplete.
#
#  Out of Memory Error (allocation.cpp:390), pid=5264, tid=0x0000000000002e20
#
# JRE version: Java(TM) SE Runtime Environment (8.0_171-b11) (build 1.8.0_171-b11)
# Java VM: Java HotSpot(TM) 64-Bit Server VM (25.171-b11 mixed mode windows-amd64 compressed oops)
# Failed to write core dump. Minidumps are not enabled by default on client versions of Windows
#

---------------  T H R E A D  ---------------

Current thread (0x000000001a672000):  JavaThread "C2 CompilerThread0" daemon [_thread_in_native, id=11808, stack(0x000000001afa0000,0x000000001b0a0000)]

Stack: [0x000000001afa0000,0x000000001b0a0000]
[error occurred during error reporting (printing stack bounds), id 0xc0000005]

Native frames: (J=compiled Java code, j=interpreted, Vv=VM code, C=native code)


Current CompileTask:
C2:  40238 9110   !   4       sun.reflect.annotation.AnnotationParser::parseAnnotations (37 bytes)


---------------  P R O C E S S  ---------------

Java Threads: ( => current thread )
  0x0000000020e3f800 JavaThread "Atomikos:4" daemon [_thread_blocked, id=11404, stack(0x000000002cdd0000,0x000000002ced0000)]
  0x0000000020e43800 JavaThread "wapi-log-handle-1" daemon [_thread_blocked, id=11856, stack(0x000000002cad0000,0x000000002cbd0000)]
  0x0000000020e44000 JavaThread "pool-4-thread-1" [_thread_blocked, id=1308, stack(0x000000002c9d0000,0x000000002cad0000)]
  0x0000000020e40800 JavaThread "Atomikos:3" daemon [_thread_blocked, id=7828, stack(0x00000000293e0000,0x00000000294e0000)]
  0x0000000020e45000 JavaThread "Atomikos:2" daemon [_thread_blocked, id=8420, stack(0x00000000292e0000,0x00000000293e0000)]
  0x0000000020e3f000 JavaThread "Atomikos:1" daemon [_thread_blocked, id=12696, stack(0x0000000028fe0000,0x00000000290e0000)]
  0x0000000020e41000 JavaThread "Abandoned connection cleanup thread" daemon [_thread_blocked, id=5948, stack(0x0000000021cf0000,0x0000000021df0000)]
  0x000000001bcc9800 JavaThread "Log4j2-TF-4-Scheduled-2" daemon [_thread_blocked, id=4612, stack(0x0000000023220000,0x0000000023320000)]
  0x000000001bcca000 JavaThread "RMI TCP Connection(idle)" daemon [_thread_blocked, id=3720, stack(0x0000000021bf0000,0x0000000021cf0000)]
  0x000000001bcc8800 JavaThread "JMX server connection timeout 72" daemon [_thread_blocked, id=12936, stack(0x0000000020920000,0x0000000020a20000)]
  0x000000001bcc1000 JavaThread "ajp-nio-8009-Acceptor" daemon [_thread_in_native, id=11656, stack(0x0000000020820000,0x0000000020920000)]
  0x000000001bcc8000 JavaThread "ajp-nio-8009-ClientPoller" daemon [_thread_in_native, id=12964, stack(0x0000000020720000,0x0000000020820000)]
  0x000000001bcc7000 JavaThread "ajp-nio-8009-exec-10" daemon [_thread_blocked, id=2456, stack(0x0000000020620000,0x0000000020720000)]
  0x000000001bcc0800 JavaThread "ajp-nio-8009-exec-9" daemon [_thread_blocked, id=14500, stack(0x0000000020520000,0x0000000020620000)]
  0x000000001bcbf800 JavaThread "ajp-nio-8009-exec-8" daemon [_thread_blocked, id=7776, stack(0x0000000020420000,0x0000000020520000)]
  0x000000001bcc6800 JavaThread "ajp-nio-8009-exec-7" daemon [_thread_blocked, id=11104, stack(0x0000000020320000,0x0000000020420000)]
  0x000000001bcbf000 JavaThread "ajp-nio-8009-exec-6" daemon [_thread_blocked, id=4376, stack(0x0000000020220000,0x0000000020320000)]
  0x000000001bcc5800 JavaThread "ajp-nio-8009-exec-5" daemon [_thread_blocked, id=8848, stack(0x0000000020120000,0x0000000020220000)]
  0x000000001bcc2800 JavaThread "ajp-nio-8009-exec-4" daemon [_thread_blocked, id=5464, stack(0x0000000020020000,0x0000000020120000)]
  0x000000001bcc5000 JavaThread "ajp-nio-8009-exec-3" daemon [_thread_blocked, id=2576, stack(0x000000001ff20000,0x0000000020020000)]
  0x000000001bcc3800 JavaThread "ajp-nio-8009-exec-2" daemon [_thread_blocked, id=4736, stack(0x000000001fe20000,0x000000001ff20000)]
  0x000000001bcbe000 JavaThread "ajp-nio-8009-exec-1" daemon [_thread_blocked, id=15300, stack(0x000000001fd20000,0x000000001fe20000)]
  0x000000001bcc4000 JavaThread "https-jsse-nio-18097-Acceptor" daemon [_thread_in_native, id=9840, stack(0x000000001fc20000,0x000000001fd20000)]
  0x000000001bcc2000 JavaThread "https-jsse-nio-18097-ClientPoller" daemon [_thread_in_native, id=11160, stack(0x000000001fb20000,0x000000001fc20000)]
  0x000000001ce57000 JavaThread "https-jsse-nio-18097-exec-10" daemon [_thread_blocked, id=10048, stack(0x000000001fa20000,0x000000001fb20000)]
  0x000000001ce56000 JavaThread "https-jsse-nio-18097-exec-9" daemon [_thread_blocked, id=5224, stack(0x000000001f920000,0x000000001fa20000)]
  0x000000001ce55800 JavaThread "https-jsse-nio-18097-exec-8" daemon [_thread_blocked, id=1568, stack(0x000000001f820000,0x000000001f920000)]
  0x000000001ce58800 JavaThread "https-jsse-nio-18097-exec-7" daemon [_thread_blocked, id=3372, stack(0x000000001f720000,0x000000001f820000)]
  0x000000001ce5a800 JavaThread "https-jsse-nio-18097-exec-6" daemon [_thread_blocked, id=14124, stack(0x000000001f620000,0x000000001f720000)]
  0x000000001ce59000 JavaThread "https-jsse-nio-18097-exec-5" daemon [_thread_blocked, id=12884, stack(0x000000001f520000,0x000000001f620000)]
  0x000000001ce5b800 JavaThread "https-jsse-nio-18097-exec-4" daemon [_thread_blocked, id=9152, stack(0x000000001f420000,0x000000001f520000)]
  0x000000001ce57800 JavaThread "https-jsse-nio-18097-exec-3" daemon [_thread_blocked, id=13700, stack(0x000000001f320000,0x000000001f420000)]
  0x000000001ce5a000 JavaThread "https-jsse-nio-18097-exec-2" daemon [_thread_blocked, id=9336, stack(0x000000001f220000,0x000000001f320000)]
  0x000000001ce4e000 JavaThread "https-jsse-nio-18097-exec-1" daemon [_thread_blocked, id=6736, stack(0x000000001f120000,0x000000001f220000)]
  0x000000001ce54800 JavaThread "http-nio-8097-Acceptor" daemon [_thread_in_native, id=9828, stack(0x000000001f020000,0x000000001f120000)]
  0x000000001ce4d000 JavaThread "http-nio-8097-ClientPoller" daemon [_thread_in_native, id=6040, stack(0x000000001ef20000,0x000000001f020000)]
  0x000000001ce54000 JavaThread "http-nio-8097-exec-10" daemon [_thread_blocked, id=4000, stack(0x000000001ee20000,0x000000001ef20000)]
  0x000000001ce4c800 JavaThread "http-nio-8097-exec-9" daemon [_thread_blocked, id=11028, stack(0x000000001ed20000,0x000000001ee20000)]
  0x000000001ce4f800 JavaThread "http-nio-8097-exec-8" daemon [_thread_blocked, id=9404, stack(0x000000001ec20000,0x000000001ed20000)]
  0x000000001ce53000 JavaThread "http-nio-8097-exec-7" daemon [_thread_blocked, id=14520, stack(0x000000001eb20000,0x000000001ec20000)]
  0x000000001ce51800 JavaThread "http-nio-8097-exec-6" daemon [_thread_blocked, id=8860, stack(0x000000001ea20000,0x000000001eb20000)]
  0x000000001ce52800 JavaThread "http-nio-8097-exec-5" daemon [_thread_blocked, id=12404, stack(0x000000001e920000,0x000000001ea20000)]
  0x000000001ce4e800 JavaThread "http-nio-8097-exec-4" daemon [_thread_blocked, id=14852, stack(0x000000001e820000,0x000000001e920000)]
  0x000000001ce51000 JavaThread "http-nio-8097-exec-3" daemon [_thread_blocked, id=1632, stack(0x000000001e720000,0x000000001e820000)]
  0x000000001ce50000 JavaThread "http-nio-8097-exec-2" daemon [_thread_blocked, id=8488, stack(0x000000001e620000,0x000000001e720000)]
  0x000000001bd17800 JavaThread "http-nio-8097-exec-1" daemon [_thread_blocked, id=2368, stack(0x000000001e520000,0x000000001e620000)]
  0x000000001bd16800 JavaThread "Catalina-utility-2" [_thread_blocked, id=4344, stack(0x000000001e420000,0x000000001e520000)]
  0x000000001bd18000 JavaThread "Catalina-utility-1" [_thread_blocked, id=3792, stack(0x000000001e320000,0x000000001e420000)]
  0x000000001bd16000 JavaThread "ajp-nio-8009-BlockPoller" daemon [_thread_in_native, id=6384, stack(0x000000001e170000,0x000000001e270000)]
  0x000000001bd15000 JavaThread "https-jsse-nio-18097-BlockPoller" daemon [_thread_in_native, id=9188, stack(0x000000001e070000,0x000000001e170000)]
  0x000000001ce48800 JavaThread "http-nio-8097-BlockPoller" daemon [_thread_in_native, id=9232, stack(0x000000001df70000,0x000000001e070000)]
  0x000000001bd9e800 JavaThread "GC Daemon" daemon [_thread_blocked, id=8356, stack(0x000000001dc70000,0x000000001dd70000)]
  0x000000001bcf3000 JavaThread "RMI TCP Connection(2)-127.0.0.1" daemon [_thread_in_native, id=12388, stack(0x000000001d970000,0x000000001da70000)]
  0x000000001c845800 JavaThread "RMI Scheduler(0)" daemon [_thread_blocked, id=7524, stack(0x000000001d870000,0x000000001d970000)]
  0x000000001bbf9800 JavaThread "RMI TCP Connection(idle)" daemon [_thread_blocked, id=152, stack(0x000000001d770000,0x000000001d870000)]
  0x000000001b7cf000 JavaThread "RMI TCP Accept-0" daemon [_thread_in_native, id=13280, stack(0x000000001c2a0000,0x000000001c3a0000)]
  0x000000001b7c8000 JavaThread "RMI TCP Accept-1099" daemon [_thread_in_native, id=11272, stack(0x000000001c1a0000,0x000000001c2a0000)]
  0x000000001b7bd800 JavaThread "RMI TCP Accept-0" daemon [_thread_in_native, id=13436, stack(0x000000001c0a0000,0x000000001c1a0000)]
  0x000000001b70b000 JavaThread "FileHandlerLogFilesCleaner-1" daemon [_thread_blocked, id=12452, stack(0x000000001bda0000,0x000000001bea0000)]
  0x000000001a7b3000 JavaThread "AsyncFileHandlerWriter-2080166188" daemon [_thread_blocked, id=2744, stack(0x000000001b4a0000,0x000000001b5a0000)]
  0x000000001a703800 JavaThread "Service Thread" daemon [_thread_blocked, id=4100, stack(0x000000001b3a0000,0x000000001b4a0000)]
  0x000000001a678000 JavaThread "C1 CompilerThread3" daemon [_thread_blocked, id=7688, stack(0x000000001b2a0000,0x000000001b3a0000)]
  0x000000001a677000 JavaThread "C2 CompilerThread2" daemon [_thread_in_native, id=14080, stack(0x000000001b1a0000,0x000000001b2a0000)]
  0x000000001a663000 JavaThread "C2 CompilerThread1" daemon [_thread_in_native, id=5732, stack(0x000000001b0a0000,0x000000001b1a0000)]
=>0x000000001a672000 JavaThread "C2 CompilerThread0" daemon [_thread_in_native, id=11808, stack(0x000000001afa0000,0x000000001b0a0000)]
  0x000000001a651000 JavaThread "JDWP Command Reader" daemon [_thread_in_native, id=7040, stack(0x000000001aea0000,0x000000001afa0000)]
  0x000000001a64c000 JavaThread "JDWP Event Helper Thread" daemon [_thread_blocked, id=4576, stack(0x000000001ada0000,0x000000001aea0000)]
  0x000000001a640800 JavaThread "JDWP Transport Listener: dt_socket" daemon [_thread_blocked, id=14128, stack(0x000000001aca0000,0x000000001ada0000)]
  0x000000001a5e1800 JavaThread "Attach Listener" daemon [_thread_blocked, id=13304, stack(0x000000001aba0000,0x000000001aca0000)]
  0x000000001a63d000 JavaThread "Signal Dispatcher" daemon [_thread_blocked, id=13016, stack(0x000000001aaa0000,0x000000001aba0000)]
  0x000000001a5c0800 JavaThread "Finalizer" daemon [_thread_blocked, id=14136, stack(0x000000001a9a0000,0x000000001aaa0000)]
  0x000000000372e000 JavaThread "Reference Handler" daemon [_thread_blocked, id=4444, stack(0x000000001a4a0000,0x000000001a5a0000)]
  0x0000000003636000 JavaThread "main" [_thread_in_native, id=3256, stack(0x0000000002f80000,0x0000000003080000)]

Other Threads:
  0x00000000186a7800 VMThread [stack: 0x000000001a3a0000,0x000000001a4a0000] [id=12236]
  0x000000001b7d1000 WatcherThread [stack: 0x000000001c3a0000,0x000000001c4a0000] [id=9552]

VM state:not at safepoint (normal execution)

VM Mutex/Monitor currently owned by a thread: None

Heap:
 PSYoungGen      total 645120K, used 350753K [0x00000000d5f00000, 0x00000000ffc00000, 0x0000000100000000)
  eden space 605184K, 57% used [0x00000000d5f00000,0x00000000eb5885f8,0x00000000fae00000)
  from space 39936K, 0% used [0x00000000fd500000,0x00000000fd500000,0x00000000ffc00000)
  to   space 39936K, 0% used [0x00000000fae00000,0x00000000fae00000,0x00000000fd500000)
 ParOldGen       total 126976K, used 47448K [0x0000000081c00000, 0x0000000089800000, 0x00000000d5f00000)
  object space 126976K, 37% used [0x0000000081c00000,0x0000000084a56330,0x0000000089800000)
 Metaspace       used 64939K, capacity 67558K, committed 67840K, reserved 1110016K
  class space    used 7631K, capacity 8162K, committed 8192K, reserved 1048576K

Card table byte_map: [0x0000000012af0000,0x0000000012ef0000] byte_map_base: 0x00000000126e2000

Marking Bits: (ParMarkBitMap*) 0x000000005e9708c0
 Begin Bits: [0x00000000139a0000, 0x0000000015930000)
 End Bits:   [0x0000000015930000, 0x00000000178c0000)

Polling page: 0x0000000001250000

CodeCache: size=245760Kb used=31599Kb max_used=31910Kb free=214160Kb
 bounds [0x0000000003730000, 0x0000000005680000, 0x0000000012730000]
 total_blobs=8120 nmethods=7554 adapters=485
 compilation: enabled

Compilation events (10 events):
Event: 40.120 Thread 0x000000001a678000 9112       3       org.springframework.core.ResolvableType::forMethodParameter (9 bytes)
Event: 40.120 Thread 0x000000001a678000 nmethod 9112 0x00000000048c5c50 code [0x00000000048c5de0, 0x00000000048c61b8]
Event: 40.121 Thread 0x000000001a678000 9113       3       org.springframework.core.ResolvableType::forMethodParameter (16 bytes)
Event: 40.122 Thread 0x000000001a678000 nmethod 9113 0x00000000047b2050 code [0x00000000047b21e0, 0x00000000047b2558]
Event: 40.197 Thread 0x000000001a678000 9117       3       java.util.Collections$UnmodifiableMap$UnmodifiableEntrySet$UnmodifiableEntry::getKey (10 bytes)
Event: 40.197 Thread 0x000000001a678000 nmethod 9117 0x0000000003c07510 code [0x0000000003c07680, 0x0000000003c078a8]
Event: 40.223 Thread 0x000000001a678000 9118       1       org.springframework.core.MethodParameter::getAnnotatedElement (5 bytes)
Event: 40.223 Thread 0x000000001a678000 nmethod 9118 0x0000000004025cd0 code [0x0000000004025e20, 0x0000000004025f30]
Event: 40.226 Thread 0x000000001a678000 9119       3       org.springframework.core.MethodParameter::<init> (99 bytes)
Event: 40.227 Thread 0x000000001a678000 nmethod 9119 0x0000000004aa1fd0 code [0x0000000004aa2160, 0x0000000004aa2588]

GC Heap History (10 events):
Event: 21.541 GC heap before
{Heap before GC invocations=21 (full 2):
 PSYoungGen      total 642560K, used 15634K [0x00000000d5f00000, 0x00000000ffc00000, 0x0000000100000000)
  eden space 598016K, 0% used [0x00000000d5f00000,0x00000000d5f00000,0x00000000fa700000)
  from space 44544K, 35% used [0x00000000fa700000,0x00000000fb644870,0x00000000fd280000)
  to   space 41984K, 0% used [0x00000000fd300000,0x00000000fd300000,0x00000000ffc00000)
 ParOldGen       total 76288K, used 27701K [0x0000000081c00000, 0x0000000086680000, 0x00000000d5f00000)
  object space 76288K, 36% used [0x0000000081c00000,0x000000008370d650,0x0000000086680000)
 Metaspace       used 34247K, capacity 35352K, committed 35496K, reserved 1081344K
  class space    used 4059K, capacity 4352K, committed 4352K, reserved 1048576K
Event: 21.616 GC heap after
Heap after GC invocations=21 (full 2):
 PSYoungGen      total 642560K, used 0K [0x00000000d5f00000, 0x00000000ffc00000, 0x0000000100000000)
  eden space 598016K, 0% used [0x00000000d5f00000,0x00000000d5f00000,0x00000000fa700000)
  from space 44544K, 0% used [0x00000000fa700000,0x00000000fa700000,0x00000000fd280000)
  to   space 41984K, 0% used [0x00000000fd300000,0x00000000fd300000,0x00000000ffc00000)
 ParOldGen       total 91136K, used 29657K [0x0000000081c00000, 0x0000000087500000, 0x00000000d5f00000)
  object space 91136K, 32% used [0x0000000081c00000,0x00000000838f67f0,0x0000000087500000)
 Metaspace       used 34247K, capacity 35352K, committed 35496K, reserved 1081344K
  class space    used 4059K, capacity 4352K, committed 4352K, reserved 1048576K
}
Event: 26.430 GC heap before
{Heap before GC invocations=22 (full 2):
 PSYoungGen      total 642560K, used 598016K [0x00000000d5f00000, 0x00000000ffc00000, 0x0000000100000000)
  eden space 598016K, 100% used [0x00000000d5f00000,0x00000000fa700000,0x00000000fa700000)
  from space 44544K, 0% used [0x00000000fa700000,0x00000000fa700000,0x00000000fd280000)
  to   space 41984K, 0% used [0x00000000fd300000,0x00000000fd300000,0x00000000ffc00000)
 ParOldGen       total 91136K, used 29657K [0x0000000081c00000, 0x0000000087500000, 0x00000000d5f00000)
  object space 91136K, 32% used [0x0000000081c00000,0x00000000838f67f0,0x0000000087500000)
 Metaspace       used 43173K, capacity 44766K, committed 45056K, reserved 1089536K
  class space    used 5181K, capacity 5526K, committed 5632K, reserved 1048576K
Event: 26.450 GC heap after
Heap after GC invocations=22 (full 2):
 PSYoungGen      total 642048K, used 26436K [0x00000000d5f00000, 0x00000000fff80000, 0x0000000100000000)
  eden space 600064K, 0% used [0x00000000d5f00000,0x00000000d5f00000,0x00000000fa900000)
  from space 41984K, 62% used [0x00000000fd300000,0x00000000fecd10e0,0x00000000ffc00000)
  to   space 43008K, 0% used [0x00000000fa900000,0x00000000fa900000,0x00000000fd300000)
 ParOldGen       total 91136K, used 29665K [0x0000000081c00000, 0x0000000087500000, 0x00000000d5f00000)
  object space 91136K, 32% used [0x0000000081c00000,0x00000000838f87f0,0x0000000087500000)
 Metaspace       used 43173K, capacity 44766K, committed 45056K, reserved 1089536K
  class space    used 5181K, capacity 5526K, committed 5632K, reserved 1048576K
}
Event: 32.812 GC heap before
{Heap before GC invocations=23 (full 2):
 PSYoungGen      total 642048K, used 626500K [0x00000000d5f00000, 0x00000000fff80000, 0x0000000100000000)
  eden space 600064K, 100% used [0x00000000d5f00000,0x00000000fa900000,0x00000000fa900000)
  from space 41984K, 62% used [0x00000000fd300000,0x00000000fecd10e0,0x00000000ffc00000)
  to   space 43008K, 0% used [0x00000000fa900000,0x00000000fa900000,0x00000000fd300000)
 ParOldGen       total 91136K, used 29665K [0x0000000081c00000, 0x0000000087500000, 0x00000000d5f00000)
  object space 91136K, 32% used [0x0000000081c00000,0x00000000838f87f0,0x0000000087500000)
 Metaspace       used 55685K, capacity 57744K, committed 57856K, reserved 1099776K
  class space    used 6705K, capacity 7147K, committed 7168K, reserved 1048576K
Event: 32.830 GC heap after
Heap after GC invocations=23 (full 2):
 PSYoungGen      total 643072K, used 20140K [0x00000000d5f00000, 0x00000000ffd00000, 0x0000000100000000)
  eden space 600064K, 0% used [0x00000000d5f00000,0x00000000d5f00000,0x00000000fa900000)
  from space 43008K, 46% used [0x00000000fa900000,0x00000000fbcab228,0x00000000fd300000)
  to   space 40960K, 0% used [0x00000000fd500000,0x00000000fd500000,0x00000000ffd00000)
 ParOldGen       total 91136K, used 36614K [0x0000000081c00000, 0x0000000087500000, 0x00000000d5f00000)
  object space 91136K, 40% used [0x0000000081c00000,0x0000000083fc1840,0x0000000087500000)
 Metaspace       used 55685K, capacity 57744K, committed 57856K, reserved 1099776K
  class space    used 6705K, capacity 7147K, committed 7168K, reserved 1048576K
}
Event: 35.655 GC heap before
{Heap before GC invocations=24 (full 2):
 PSYoungGen      total 643072K, used 612518K [0x00000000d5f00000, 0x00000000ffd00000, 0x0000000100000000)
  eden space 600064K, 98% used [0x00000000d5f00000,0x00000000fa17e910,0x00000000fa900000)
  from space 43008K, 46% used [0x00000000fa900000,0x00000000fbcab228,0x00000000fd300000)
  to   space 40960K, 0% used [0x00000000fd500000,0x00000000fd500000,0x00000000ffd00000)
 ParOldGen       total 91136K, used 36614K [0x0000000081c00000, 0x0000000087500000, 0x00000000d5f00000)
  object space 91136K, 40% used [0x0000000081c00000,0x0000000083fc1840,0x0000000087500000)
 Metaspace       used 56921K, capacity 59020K, committed 59160K, reserved 1101824K
  class space    used 6780K, capacity 7215K, committed 7296K, reserved 1048576K
Event: 35.666 GC heap after
Heap after GC invocations=24 (full 2):
 PSYoungGen      total 645120K, used 11696K [0x00000000d5f00000, 0x00000000ffc00000, 0x0000000100000000)
  eden space 605184K, 0% used [0x00000000d5f00000,0x00000000d5f00000,0x00000000fae00000)
  from space 39936K, 29% used [0x00000000fd500000,0x00000000fe06c340,0x00000000ffc00000)
  to   space 39936K, 0% used [0x00000000fae00000,0x00000000fae00000,0x00000000fd500000)
 ParOldGen       total 91136K, used 47574K [0x0000000081c00000, 0x0000000087500000, 0x00000000d5f00000)
  object space 91136K, 52% used [0x0000000081c00000,0x0000000084a75b88,0x0000000087500000)
 Metaspace       used 56921K, capacity 59020K, committed 59160K, reserved 1101824K
  class space    used 6780K, capacity 7215K, committed 7296K, reserved 1048576K
}
Event: 35.666 GC heap before
{Heap before GC invocations=25 (full 3):
 PSYoungGen      total 645120K, used 11696K [0x00000000d5f00000, 0x00000000ffc00000, 0x0000000100000000)
  eden space 605184K, 0% used [0x00000000d5f00000,0x00000000d5f00000,0x00000000fae00000)
  from space 39936K, 29% used [0x00000000fd500000,0x00000000fe06c340,0x00000000ffc00000)
  to   space 39936K, 0% used [0x00000000fae00000,0x00000000fae00000,0x00000000fd500000)
 ParOldGen       total 91136K, used 47574K [0x0000000081c00000, 0x0000000087500000, 0x00000000d5f00000)
  object space 91136K, 52% used [0x0000000081c00000,0x0000000084a75b88,0x0000000087500000)
 Metaspace       used 56921K, capacity 59020K, committed 59160K, reserved 1101824K
  class space    used 6780K, capacity 7215K, committed 7296K, reserved 1048576K
Event: 35.859 GC heap after
Heap after GC invocations=25 (full 3):
 PSYoungGen      total 645120K, used 0K [0x00000000d5f00000, 0x00000000ffc00000, 0x0000000100000000)
  eden space 605184K, 0% used [0x00000000d5f00000,0x00000000d5f00000,0x00000000fae00000)
  from space 39936K, 0% used [0x00000000fd500000,0x00000000fd500000,0x00000000ffc00000)
  to   space 39936K, 0% used [0x00000000fae00000,0x00000000fae00000,0x00000000fd500000)
 ParOldGen       total 126976K, used 47448K [0x0000000081c00000, 0x0000000089800000, 0x00000000d5f00000)
  object space 126976K, 37% used [0x0000000081c00000,0x0000000084a56330,0x0000000089800000)
 Metaspace       used 56921K, capacity 59020K, committed 59160K, reserved 1101824K
  class space    used 6780K, capacity 7215K, committed 7296K, reserved 1048576K
}

Deoptimization events (10 events):
Event: 39.825 Thread 0x000000001bcf3000 Uncommon trap: reason=unstable_if action=reinterpret pc=0x000000000431ba8c method=java.io.WinNTFileSystem.normalize(Ljava/lang/String;II)Ljava/lang/String; @ 103
Event: 39.831 Thread 0x000000001bcf3000 Uncommon trap: reason=unstable_if action=reinterpret pc=0x000000000430516c method=java.io.WinNTFileSystem.normalize(Ljava/lang/String;II)Ljava/lang/String; @ 103
Event: 39.845 Thread 0x000000001bcf3000 Uncommon trap: reason=unstable_if action=reinterpret pc=0x0000000003c47998 method=java.io.WinNTFileSystem.normalize(Ljava/lang/String;II)Ljava/lang/String; @ 103
Event: 39.880 Thread 0x000000001bcf3000 Uncommon trap: reason=unstable_if action=reinterpret pc=0x0000000003ed3af8 method=java.lang.AbstractStringBuilder.append([CII)Ljava/lang/AbstractStringBuilder; @ 1
Event: 40.190 Thread 0x000000001bcf3000 Uncommon trap: reason=unstable_if action=reinterpret pc=0x00000000048ced50 method=org.apache.catalina.loader.WebappClassLoaderBase.filter(Ljava/lang/String;Z)Z @ 298
Event: 40.207 Thread 0x000000001bcf3000 Uncommon trap: reason=class_check action=maybe_recompile pc=0x0000000004ccc360 method=java.util.stream.SortedOps$OfRef.<init>(Ljava/util/stream/AbstractPipeline;Ljava/util/Comparator;)V @ 25
Event: 40.207 Thread 0x000000001bcf3000 Uncommon trap: reason=class_check action=maybe_recompile pc=0x0000000004ccc360 method=java.util.stream.SortedOps$OfRef.<init>(Ljava/util/stream/AbstractPipeline;Ljava/util/Comparator;)V @ 25
Event: 40.208 Thread 0x000000001bcf3000 Uncommon trap: reason=class_check action=maybe_recompile pc=0x0000000004ccc360 method=java.util.stream.SortedOps$OfRef.<init>(Ljava/util/stream/AbstractPipeline;Ljava/util/Comparator;)V @ 25
Event: 40.221 Thread 0x000000001bcf3000 Uncommon trap: reason=class_check action=maybe_recompile pc=0x0000000004b11d50 method=org.springframework.beans.factory.support.AbstractBeanFactory.isSingleton(Ljava/lang/String;)Z @ 32
Event: 40.222 Thread 0x000000001bcf3000 Uncommon trap: reason=class_check action=maybe_recompile pc=0x0000000004b251d0 method=org.springframework.beans.factory.support.AbstractBeanFactory.isSingleton(Ljava/lang/String;)Z @ 32

Classes redefined (0 events):
No events

Internal exceptions (10 events):
Event: 40.111 Thread 0x000000001bcf3000 Exception <a 'java/lang/ClassNotFoundException': org/springframework/transaction/support/AbstractPlatformTransactionManagerCustomizer> (0x00000000ea276480) thrown at [C:\re\workspace\8-2-build-windows-amd64-cygwin\jdk8u171\10807\hotspot\src\share\vm\class
Event: 40.117 Thread 0x000000001bcf3000 Exception <a 'java/lang/ClassNotFoundException': org/springframework/transaction/jta/JtaTransactionManagerCustomizer> (0x00000000ea340b88) thrown at [C:\re\workspace\8-2-build-windows-amd64-cygwin\jdk8u171\10807\hotspot\src\share\vm\classfile\systemDictio
Event: 40.124 Thread 0x000000001bcf3000 Exception <a 'java/lang/ClassNotFoundException': org/springframework/transaction/jta/TransactionFactoryCustomizer> (0x00000000ea417678) thrown at [C:\re\workspace\8-2-build-windows-amd64-cygwin\jdk8u171\10807\hotspot\src\share\vm\classfile\systemDictionar
Event: 40.129 Thread 0x000000001bcf3000 Exception <a 'java/lang/ClassNotFoundException': org/springframework/beans/factory/InitializingBeanCustomizer> (0x00000000ea4bc4c0) thrown at [C:\re\workspace\8-2-build-windows-amd64-cygwin\jdk8u171\10807\hotspot\src\share\vm\classfile\systemDictionary.cp
Event: 40.134 Thread 0x000000001bcf3000 Exception <a 'java/lang/ClassNotFoundException': org/springframework/transaction/PlatformTransactionManagerCustomizer> (0x00000000ea56f528) thrown at [C:\re\workspace\8-2-build-windows-amd64-cygwin\jdk8u171\10807\hotspot\src\share\vm\classfile\systemDicti
Event: 40.138 Thread 0x000000001bcf3000 Exception <a 'java/lang/ClassNotFoundException': org/springframework/transaction/TransactionManagerCustomizer> (0x00000000ea614fb0) thrown at [C:\re\workspace\8-2-build-windows-amd64-cygwin\jdk8u171\10807\hotspot\src\share\vm\classfile\systemDictionary.cp
Event: 40.147 Thread 0x000000001bcf3000 Exception <a 'java/lang/ClassNotFoundException': java/lang/ObjectCustomizer> (0x00000000ea6cff78) thrown at [C:\re\workspace\8-2-build-windows-amd64-cygwin\jdk8u171\10807\hotspot\src\share\vm\classfile\systemDictionary.cpp, line 210]
Event: 40.152 Thread 0x000000001bcf3000 Exception <a 'java/lang/ClassNotFoundException': com/atomikos/icatch/jta/UserTransactionImpCustomizer> (0x00000000ea768980) thrown at [C:\re\workspace\8-2-build-windows-amd64-cygwin\jdk8u171\10807\hotspot\src\share\vm\classfile\systemDictionary.cpp, line 
Event: 40.157 Thread 0x000000001bcf3000 Exception <a 'java/lang/ClassNotFoundException': javax/transaction/UserTransactionCustomizer> (0x00000000ea7f7230) thrown at [C:\re\workspace\8-2-build-windows-amd64-cygwin\jdk8u171\10807\hotspot\src\share\vm\classfile\systemDictionary.cpp, line 210]
Event: 40.160 Thread 0x000000001bcf3000 Exception <a 'java/lang/ClassNotFoundException': javax/naming/ReferenceableCustomizer> (0x00000000ea837d18) thrown at [C:\re\workspace\8-2-build-windows-amd64-cygwin\jdk8u171\10807\hotspot\src\share\vm\classfile\systemDictionary.cpp, line 210]

Events (10 events):
Event: 40.227 Thread 0x000000001a678000 flushing nmethod 0x00000000039a25d0
Event: 40.227 Thread 0x000000001a678000 flushing nmethod 0x0000000003a0b210
Event: 40.228 Thread 0x000000001bcf3000 DEOPT PACKING pc=0x0000000004dcbc0c sp=0x000000001da68920
Event: 40.228 Thread 0x000000001bcf3000 DEOPT UNPACKING pc=0x0000000003777890 sp=0x000000001da68660 mode 1
Event: 40.229 Thread 0x000000001bcf3000 DEOPT PACKING pc=0x0000000004dcbc0c sp=0x000000001da68920
Event: 40.229 Thread 0x000000001bcf3000 DEOPT UNPACKING pc=0x0000000003777890 sp=0x000000001da68660 mode 1
Event: 40.232 Thread 0x000000001bcf3000 DEOPT PACKING pc=0x0000000004dcbc0c sp=0x000000001da68920
Event: 40.232 Thread 0x000000001bcf3000 DEOPT UNPACKING pc=0x0000000003777890 sp=0x000000001da68660 mode 1
Event: 40.233 Thread 0x000000001bcf3000 DEOPT PACKING pc=0x0000000004dcbc0c sp=0x000000001da68920
Event: 40.233 Thread 0x000000001bcf3000 DEOPT UNPACKING pc=0x0000000003777890 sp=0x000000001da68660 mode 1


Dynamic libraries:
0x00007ff68a710000 - 0x00007ff68a747000 	C:\Program Files\Java\jdk1.8.0_171\bin\java.exe
0x00007ffd5eb10000 - 0x00007ffd5ed08000 	C:\WINDOWS\SYSTEM32\ntdll.dll
0x00007ffd5e000000 - 0x00007ffd5e0bd000 	C:\WINDOWS\System32\KERNEL32.DLL
0x00007ffd5c390000 - 0x00007ffd5c65e000 	C:\WINDOWS\System32\KERNELBASE.dll
0x00007ffd5cff0000 - 0x00007ffd5d09e000 	C:\WINDOWS\System32\ADVAPI32.dll
0x00007ffd5cf50000 - 0x00007ffd5cfee000 	C:\WINDOWS\System32\msvcrt.dll
0x00007ffd5ea30000 - 0x00007ffd5eacc000 	C:\WINDOWS\System32\sechost.dll
0x00007ffd5e330000 - 0x00007ffd5e455000 	C:\WINDOWS\System32\RPCRT4.dll
0x00007ffd5d8c0000 - 0x00007ffd5da60000 	C:\WINDOWS\System32\USER32.dll
0x00007ffd5c330000 - 0x00007ffd5c352000 	C:\WINDOWS\System32\win32u.dll
0x00007ffd5e0d0000 - 0x00007ffd5e0fa000 	C:\WINDOWS\System32\GDI32.dll
0x00007ffd5c710000 - 0x00007ffd5c81b000 	C:\WINDOWS\System32\gdi32full.dll
0x00007ffd5c920000 - 0x00007ffd5c9bd000 	C:\WINDOWS\System32\msvcp_win.dll
0x00007ffd5c230000 - 0x00007ffd5c330000 	C:\WINDOWS\System32\ucrtbase.dll
0x00007ffd4b4a0000 - 0x00007ffd4b73a000 	C:\WINDOWS\WinSxS\amd64_microsoft.windows.common-controls_6595b64144ccf1df_6.0.19041.1110_none_60b5254171f9507e\COMCTL32.dll
0x00007ffd5e530000 - 0x00007ffd5e560000 	C:\WINDOWS\System32\IMM32.DLL
0x000000005ed60000 - 0x000000005ee32000 	C:\Program Files\Java\jdk1.8.0_171\jre\bin\msvcr100.dll
0x000000005e150000 - 0x000000005e9f0000 	C:\Program Files\Java\jdk1.8.0_171\jre\bin\server\jvm.dll
0x00007ffd5def0000 - 0x00007ffd5def8000 	C:\WINDOWS\System32\PSAPI.DLL
0x00007ffd4bf20000 - 0x00007ffd4bf29000 	C:\WINDOWS\SYSTEM32\WSOCK32.dll
0x00007ffd565b0000 - 0x00007ffd565ba000 	C:\WINDOWS\SYSTEM32\VERSION.dll
0x00007ffd4a400000 - 0x00007ffd4a427000 	C:\WINDOWS\SYSTEM32\WINMM.dll
0x00007ffd5e4c0000 - 0x00007ffd5e52b000 	C:\WINDOWS\System32\WS2_32.dll
0x000000005ed50000 - 0x000000005ed5f000 	C:\Program Files\Java\jdk1.8.0_171\jre\bin\verify.dll
0x000000005e120000 - 0x000000005e149000 	C:\Program Files\Java\jdk1.8.0_171\jre\bin\java.dll
0x000000005e080000 - 0x000000005e0b5000 	C:\Program Files\Java\jdk1.8.0_171\jre\bin\jdwp.dll
0x000000005e070000 - 0x000000005e078000 	C:\Program Files\Java\jdk1.8.0_171\jre\bin\npt.dll
0x000000005e040000 - 0x000000005e063000 	C:\Program Files\Java\jdk1.8.0_171\jre\bin\instrument.dll
0x000000005e100000 - 0x000000005e116000 	C:\Program Files\Java\jdk1.8.0_171\jre\bin\zip.dll
0x00007ffd5d0a0000 - 0x00007ffd5d7e3000 	C:\WINDOWS\System32\SHELL32.dll
0x00007ffd5a1c0000 - 0x00007ffd5a955000 	C:\WINDOWS\SYSTEM32\windows.storage.dll
0x00007ffd5cb70000 - 0x00007ffd5cec4000 	C:\WINDOWS\System32\combase.dll
0x00007ffd5bba0000 - 0x00007ffd5bbd0000 	C:\WINDOWS\SYSTEM32\Wldp.dll
0x00007ffd5d810000 - 0x00007ffd5d8bd000 	C:\WINDOWS\System32\SHCORE.dll
0x00007ffd5e560000 - 0x00007ffd5e5b5000 	C:\WINDOWS\System32\shlwapi.dll
0x00007ffd5c170000 - 0x00007ffd5c18f000 	C:\WINDOWS\SYSTEM32\profapi.dll
0x000000005e030000 - 0x000000005e039000 	C:\Program Files\Java\jdk1.8.0_171\jre\bin\dt_socket.dll
0x00007ffd5b8c0000 - 0x00007ffd5b92a000 	C:\WINDOWS\system32\mswsock.dll
0x000000005ed40000 - 0x000000005ed4d000 	C:\Program Files\Java\jdk1.8.0_171\jre\bin\management.dll
0x000000005e0e0000 - 0x000000005e0fa000 	C:\Program Files\Java\jdk1.8.0_171\jre\bin\net.dll
0x000000005e0c0000 - 0x000000005e0d1000 	C:\Program Files\Java\jdk1.8.0_171\jre\bin\nio.dll
0x00007ffd3bbf0000 - 0x00007ffd3bc07000 	C:\WINDOWS\system32\napinsp.dll
0x00007ffd3bbd0000 - 0x00007ffd3bbeb000 	C:\WINDOWS\system32\pnrpnsp.dll
0x00007ffd3bbb0000 - 0x00007ffd3bbc5000 	C:\WINDOWS\system32\wshbth.dll
0x00007ffd574e0000 - 0x00007ffd574fd000 	C:\WINDOWS\system32\NLAapi.dll
0x00007ffd5b5d0000 - 0x00007ffd5b60b000 	C:\WINDOWS\SYSTEM32\IPHLPAPI.DLL
0x00007ffd5b610000 - 0x00007ffd5b6da000 	C:\WINDOWS\SYSTEM32\DNSAPI.dll
0x00007ffd5e0c0000 - 0x00007ffd5e0c8000 	C:\WINDOWS\System32\NSI.dll
0x00007ffd3bb90000 - 0x00007ffd3bba2000 	C:\WINDOWS\System32\winrnr.dll
0x00007ffd511b0000 - 0x00007ffd511ba000 	C:\Windows\System32\rasadhlp.dll
0x00007ffd53130000 - 0x00007ffd531b0000 	C:\WINDOWS\System32\fwpuclnt.dll
0x00007ffd5c360000 - 0x00007ffd5c387000 	C:\WINDOWS\System32\bcrypt.dll
0x00007ffd5bb30000 - 0x00007ffd5bb48000 	C:\WINDOWS\SYSTEM32\CRYPTSP.dll
0x00007ffd5b260000 - 0x00007ffd5b294000 	C:\WINDOWS\system32\rsaenh.dll
0x00007ffd5c130000 - 0x00007ffd5c15e000 	C:\WINDOWS\SYSTEM32\USERENV.dll
0x00007ffd5c890000 - 0x00007ffd5c912000 	C:\WINDOWS\System32\bcryptprimitives.dll
0x00007ffd5ba50000 - 0x00007ffd5ba5c000 	C:\WINDOWS\SYSTEM32\CRYPTBASE.dll
0x00007ffd54a80000 - 0x00007ffd54a97000 	C:\WINDOWS\SYSTEM32\dhcpcsvc6.DLL
0x00007ffd54ee0000 - 0x00007ffd54efd000 	C:\WINDOWS\SYSTEM32\dhcpcsvc.DLL
0x000000005e000000 - 0x000000005e024000 	C:\Program Files\Java\jdk1.8.0_171\jre\bin\sunec.dll
0x000000005dff0000 - 0x000000005dffb000 	C:\Program Files\Java\jdk1.8.0_171\jre\bin\sunmscapi.dll
0x00007ffd5ca10000 - 0x00007ffd5cb66000 	C:\WINDOWS\System32\CRYPT32.dll

VM Arguments:
jvm_args: -Djava.util.logging.config.file=C:\Users\zhangfc\AppData\Local\JetBrains\IntelliJIdea2022.1\tomcat\37eee4a2-e6c3-4781-9f5d-c7ea5bb30b14\conf\logging.properties -Djava.util.logging.manager=org.apache.juli.ClassLoaderLogManager -agentlib:jdwp=transport=dt_socket,address=127.0.0.1:57106,suspend=y,server=n -javaagent:C:\Users\zhangfc\AppData\Local\JetBrains\IntelliJIdea2022.1\captureAgent\debugger-agent.jar -Dfile.encoding=utf8 -Dcom.sun.management.jmxremote= -Dcom.sun.management.jmxremote.port=1099 -Dcom.sun.management.jmxremote.ssl=false -Dcom.sun.management.jmxremote.password.file=C:\Users\zhangfc\AppData\Local\JetBrains\IntelliJIdea2022.1\tomcat\37eee4a2-e6c3-4781-9f5d-c7ea5bb30b14\jmxremote.password -Dcom.sun.management.jmxremote.access.file=C:\Users\zhangfc\AppData\Local\JetBrains\IntelliJIdea2022.1\tomcat\37eee4a2-e6c3-4781-9f5d-c7ea5bb30b14\jmxremote.access -Djava.rmi.server.hostname=127.0.0.1 -Djdk.tls.ephemeralDHKeySize=2048 -Djava.protocol.handler.pkgs=org.apache.catalina.webresources -Dignore.endorsed.dirs= -Dcatalina.base=C:\Users\zhangfc\AppData\Local\JetBrains\IntelliJIdea2022.1\tomcat\37eee4a2-e6c3-4781-9f5d-c7ea5bb30b14 -Dcatalina.home=D:\tomcat\apache-tomcat-9.0.29_https -Djava.io.tmpdir=D:\tomcat\apache-tomcat-9.0.29_https\temp 
java_command: org.apache.catalina.startup.Bootstrap start
java_class_path (initial): D:\tomcat\apache-tomcat-9.0.29_https\bin\bootstrap.jar;D:\tomcat\apache-tomcat-9.0.29_https\bin\tomcat-juli.jar;C:\Users\zhangfc\AppData\Local\JetBrains\IntelliJIdea2022.1\captureAgent\debugger-agent.jar
Launcher Type: SUN_STANDARD

Environment Variables:
JAVA_HOME=C:\Program Files\Java\jdk1.8.0_171
JRE_HOME=C:\Program Files\Java\jdk1.8.0_171
CLASSPATH=D:\tomcat\apache-tomcat-9.0.29_https\bin\bootstrap.jar;D:\tomcat\apache-tomcat-9.0.29_https\bin\tomcat-juli.jar
USERNAME=zhangfc
OS=Windows_NT
PROCESSOR_IDENTIFIER=Intel64 Family 6 Model 142 Stepping 10, GenuineIntel



---------------  S Y S T E M  ---------------

OS: Windows 10.0 , 64 bit Build 19041 (10.0.19041.1889)

CPU:total 8 (initial active 8) (4 cores per cpu, 2 threads per core) family 6 model 142 stepping 10, cmov, cx8, fxsr, mmx, sse, sse2, sse3, ssse3, sse4.1, sse4.2, popcnt, avx, avx2, aes, clmul, erms, 3dnowpref, lzcnt, ht, tsc, tscinvbit, bmi1, bmi2, adx

Memory: 4k page, physical 8268520k(175052k free), swap 12462824k(5664k free)

vm_info: Java HotSpot(TM) 64-Bit Server VM (25.171-b11) for windows-amd64 JRE (1.8.0_171-b11), built on Mar 28 2018 16:06:12 by "java_re" with MS VC++ 10.0 (VS2010)

time: Thu Oct 13 13:50:23 2022
elapsed time: 40 seconds (0d 0h 0m 40s)

